// Jest Snapshot v1, https://goo.gl/fbAQLP

exports[`Card should match snapshot with makes 1`] = `
ShallowWrapper {
  Symbol(enzyme.__root__): [Circular],
  Symbol(enzyme.__unrendered__): <Card />,
  Symbol(enzyme.__renderer__): Object {
    "batchedUpdates": [Function],
    "getNode": [Function],
    "render": [Function],
    "simulateError": [Function],
    "simulateEvent": [Function],
    "unmount": [Function],
  },
  Symbol(enzyme.__node__): Object {
    "instance": null,
    "key": undefined,
    "nodeType": "host",
    "props": Object {
      "children": Array [
        <h2>
          <span
            className="h2-span"
            onClick={[Function]}
          />
          <img
            alt="delete-btn"
            onClick={[Function]}
            src="delete.svg"
          />
        </h2>,
        <span
          className="hidden"
        >
          <p>
            Body: 
            null
          </p>
          <p>
            Engine: 
            null
          </p>
          <p>
            Top Speed: 
            null
          </p>
          <p>
            HP: 
            null
          </p>
          <p>
            Transmission: 
            null
          </p>
        </span>,
      ],
      "className": "model-card-cont",
      "id": undefined,
    },
    "ref": null,
    "rendered": Array [
      Object {
        "instance": null,
        "key": undefined,
        "nodeType": "host",
        "props": Object {
          "children": Array [
            <span
              className="h2-span"
              onClick={[Function]}
            />,
            <img
              alt="delete-btn"
              onClick={[Function]}
              src="delete.svg"
            />,
          ],
        },
        "ref": null,
        "rendered": Array [
          Object {
            "instance": null,
            "key": undefined,
            "nodeType": "host",
            "props": Object {
              "children": undefined,
              "className": "h2-span",
              "onClick": [Function],
            },
            "ref": null,
            "rendered": null,
            "type": "span",
          },
          Object {
            "instance": null,
            "key": undefined,
            "nodeType": "host",
            "props": Object {
              "alt": "delete-btn",
              "onClick": [Function],
              "src": "delete.svg",
            },
            "ref": null,
            "rendered": null,
            "type": "img",
          },
        ],
        "type": "h2",
      },
      Object {
        "instance": null,
        "key": undefined,
        "nodeType": "host",
        "props": Object {
          "children": Array [
            <p>
              Body: 
              null
            </p>,
            <p>
              Engine: 
              null
            </p>,
            <p>
              Top Speed: 
              null
            </p>,
            <p>
              HP: 
              null
            </p>,
            <p>
              Transmission: 
              null
            </p>,
          ],
          "className": "hidden",
        },
        "ref": null,
        "rendered": Array [
          Object {
            "instance": null,
            "key": undefined,
            "nodeType": "host",
            "props": Object {
              "children": Array [
                "Body: ",
                "null",
              ],
            },
            "ref": null,
            "rendered": Array [
              "Body: ",
              "null",
            ],
            "type": "p",
          },
          Object {
            "instance": null,
            "key": undefined,
            "nodeType": "host",
            "props": Object {
              "children": Array [
                "Engine: ",
                "null",
              ],
            },
            "ref": null,
            "rendered": Array [
              "Engine: ",
              "null",
            ],
            "type": "p",
          },
          Object {
            "instance": null,
            "key": undefined,
            "nodeType": "host",
            "props": Object {
              "children": Array [
                "Top Speed: ",
                "null",
              ],
            },
            "ref": null,
            "rendered": Array [
              "Top Speed: ",
              "null",
            ],
            "type": "p",
          },
          Object {
            "instance": null,
            "key": undefined,
            "nodeType": "host",
            "props": Object {
              "children": Array [
                "HP: ",
                "null",
              ],
            },
            "ref": null,
            "rendered": Array [
              "HP: ",
              "null",
            ],
            "type": "p",
          },
          Object {
            "instance": null,
            "key": undefined,
            "nodeType": "host",
            "props": Object {
              "children": Array [
                "Transmission: ",
                "null",
              ],
            },
            "ref": null,
            "rendered": Array [
              "Transmission: ",
              "null",
            ],
            "type": "p",
          },
        ],
        "type": "span",
      },
    ],
    "type": "article",
  },
  Symbol(enzyme.__nodes__): Array [
    Object {
      "instance": null,
      "key": undefined,
      "nodeType": "host",
      "props": Object {
        "children": Array [
          <h2>
            <span
              className="h2-span"
              onClick={[Function]}
            />
            <img
              alt="delete-btn"
              onClick={[Function]}
              src="delete.svg"
            />
          </h2>,
          <span
            className="hidden"
          >
            <p>
              Body: 
              null
            </p>
            <p>
              Engine: 
              null
            </p>
            <p>
              Top Speed: 
              null
            </p>
            <p>
              HP: 
              null
            </p>
            <p>
              Transmission: 
              null
            </p>
          </span>,
        ],
        "className": "model-card-cont",
        "id": undefined,
      },
      "ref": null,
      "rendered": Array [
        Object {
          "instance": null,
          "key": undefined,
          "nodeType": "host",
          "props": Object {
            "children": Array [
              <span
                className="h2-span"
                onClick={[Function]}
              />,
              <img
                alt="delete-btn"
                onClick={[Function]}
                src="delete.svg"
              />,
            ],
          },
          "ref": null,
          "rendered": Array [
            Object {
              "instance": null,
              "key": undefined,
              "nodeType": "host",
              "props": Object {
                "children": undefined,
                "className": "h2-span",
                "onClick": [Function],
              },
              "ref": null,
              "rendered": null,
              "type": "span",
            },
            Object {
              "instance": null,
              "key": undefined,
              "nodeType": "host",
              "props": Object {
                "alt": "delete-btn",
                "onClick": [Function],
                "src": "delete.svg",
              },
              "ref": null,
              "rendered": null,
              "type": "img",
            },
          ],
          "type": "h2",
        },
        Object {
          "instance": null,
          "key": undefined,
          "nodeType": "host",
          "props": Object {
            "children": Array [
              <p>
                Body: 
                null
              </p>,
              <p>
                Engine: 
                null
              </p>,
              <p>
                Top Speed: 
                null
              </p>,
              <p>
                HP: 
                null
              </p>,
              <p>
                Transmission: 
                null
              </p>,
            ],
            "className": "hidden",
          },
          "ref": null,
          "rendered": Array [
            Object {
              "instance": null,
              "key": undefined,
              "nodeType": "host",
              "props": Object {
                "children": Array [
                  "Body: ",
                  "null",
                ],
              },
              "ref": null,
              "rendered": Array [
                "Body: ",
                "null",
              ],
              "type": "p",
            },
            Object {
              "instance": null,
              "key": undefined,
              "nodeType": "host",
              "props": Object {
                "children": Array [
                  "Engine: ",
                  "null",
                ],
              },
              "ref": null,
              "rendered": Array [
                "Engine: ",
                "null",
              ],
              "type": "p",
            },
            Object {
              "instance": null,
              "key": undefined,
              "nodeType": "host",
              "props": Object {
                "children": Array [
                  "Top Speed: ",
                  "null",
                ],
              },
              "ref": null,
              "rendered": Array [
                "Top Speed: ",
                "null",
              ],
              "type": "p",
            },
            Object {
              "instance": null,
              "key": undefined,
              "nodeType": "host",
              "props": Object {
                "children": Array [
                  "HP: ",
                  "null",
                ],
              },
              "ref": null,
              "rendered": Array [
                "HP: ",
                "null",
              ],
              "type": "p",
            },
            Object {
              "instance": null,
              "key": undefined,
              "nodeType": "host",
              "props": Object {
                "children": Array [
                  "Transmission: ",
                  "null",
                ],
              },
              "ref": null,
              "rendered": Array [
                "Transmission: ",
                "null",
              ],
              "type": "p",
            },
          ],
          "type": "span",
        },
      ],
      "type": "article",
    },
  ],
  Symbol(enzyme.__options__): Object {
    "adapter": ReactSixteenAdapter {
      "options": Object {
        "enableComponentDidUpdateOnSetState": true,
        "lifecycles": Object {
          "componentDidUpdate": Object {
            "onSetState": true,
          },
          "getDerivedStateFromProps": true,
          "getSnapshotBeforeUpdate": true,
          "setState": Object {
            "skipsComponentDidUpdateOnNullish": true,
          },
        },
      },
    },
    "disableLifecycleMethods": true,
  },
}
`;
