// Jest Snapshot v1, https://goo.gl/fbAQLP

exports[`MakesContainer should match snapshot with makes 1`] = `
ShallowWrapper {
  Symbol(enzyme.__root__): [Circular],
  Symbol(enzyme.__unrendered__): <MakesContainer
    makes={
      Array [
        Object {
          "name": "garry",
        },
        Object {
          "name": "billy",
        },
      ]
    }
  />,
  Symbol(enzyme.__renderer__): Object {
    "batchedUpdates": [Function],
    "getNode": [Function],
    "render": [Function],
    "simulateError": [Function],
    "simulateEvent": [Function],
    "unmount": [Function],
  },
  Symbol(enzyme.__node__): Object {
    "instance": null,
    "key": undefined,
    "nodeType": "host",
    "props": Object {
      "children": Array [
        <UNDEFINED
          name="garry"
        />,
        <UNDEFINED
          name="billy"
        />,
      ],
      "className": "makes-cont",
    },
    "ref": null,
    "rendered": Array [
      Object {
        "instance": null,
        "key": undefined,
        "nodeType": "function",
        "props": Object {
          "name": "garry",
        },
        "ref": null,
        "rendered": null,
        "type": Object {},
      },
      Object {
        "instance": null,
        "key": undefined,
        "nodeType": "function",
        "props": Object {
          "name": "billy",
        },
        "ref": null,
        "rendered": null,
        "type": Object {},
      },
    ],
    "type": "section",
  },
  Symbol(enzyme.__nodes__): Array [
    Object {
      "instance": null,
      "key": undefined,
      "nodeType": "host",
      "props": Object {
        "children": Array [
          <UNDEFINED
            name="garry"
          />,
          <UNDEFINED
            name="billy"
          />,
        ],
        "className": "makes-cont",
      },
      "ref": null,
      "rendered": Array [
        Object {
          "instance": null,
          "key": undefined,
          "nodeType": "function",
          "props": Object {
            "name": "garry",
          },
          "ref": null,
          "rendered": null,
          "type": Object {},
        },
        Object {
          "instance": null,
          "key": undefined,
          "nodeType": "function",
          "props": Object {
            "name": "billy",
          },
          "ref": null,
          "rendered": null,
          "type": Object {},
        },
      ],
      "type": "section",
    },
  ],
  Symbol(enzyme.__options__): Object {
    "adapter": ReactSixteenAdapter {
      "options": Object {
        "enableComponentDidUpdateOnSetState": true,
        "lifecycles": Object {
          "componentDidUpdate": Object {
            "onSetState": true,
          },
          "getDerivedStateFromProps": true,
          "getSnapshotBeforeUpdate": true,
          "setState": Object {
            "skipsComponentDidUpdateOnNullish": true,
          },
        },
      },
    },
    "disableLifecycleMethods": true,
  },
}
`;
